[0m11:46:56.453254 [debug] [MainThread]: Sending event: {'category': 'dbt', 'action': 'invocation', 'label': 'start', 'context': [<snowplow_tracker.self_describing_json.SelfDescribingJson object at 0x112ddb010>, <snowplow_tracker.self_describing_json.SelfDescribingJson object at 0x113907e10>, <snowplow_tracker.self_describing_json.SelfDescribingJson object at 0x1139132d0>]}


============================== 11:46:56.462890 | b070d787-cf8b-4398-bc25-336e5d30d151 ==============================
[0m11:46:56.462890 [info ] [MainThread]: Running with dbt=1.7.9
[0m11:46:56.464095 [debug] [MainThread]: running dbt with arguments {'log_path': 'logs', 'log_cache_events': 'False', 'no_print': 'None', 'write_json': 'True', 'indirect_selection': 'eager', 'send_anonymous_usage_stats': 'True', 'fail_fast': 'False', 'debug': 'False', 'warn_error': 'None', 'partial_parse': 'True', 'quiet': 'False', 'use_experimental_parser': 'False', 'cache_selected_only': 'False', 'log_format': 'default', 'invocation_command': 'dbt init', 'warn_error_options': 'WarnErrorOptions(include=[], exclude=[])', 'printer_width': '80', 'profiles_dir': '/Users/administrateur/.dbt', 'introspect': 'True', 'target_path': 'None', 'use_colors': 'True', 'static_parser': 'True', 'version_check': 'True'}
[0m11:48:58.046180 [debug] [MainThread]: Starter project path: /Users/administrateur/Desktop/DBT_DEMO/my-dbt-env/lib/python3.11/site-packages/dbt/include/starter_project
[0m11:48:58.068730 [info ] [MainThread]: 
Your new dbt project "salma_projet" was created!

For more information on how to configure the profiles.yml file,
please consult the dbt documentation here:

  https://docs.getdbt.com/docs/configure-your-profile

One more thing:

Need help? Don't hesitate to reach out to us via GitHub issues or on Slack:

  https://community.getdbt.com/

Happy modeling!

[0m11:48:58.070357 [info ] [MainThread]: Setting up your profile.
[0m11:49:25.365833 [debug] [MainThread]: Sending event: {'category': 'dbt', 'action': 'invocation', 'label': 'end', 'context': [<snowplow_tracker.self_describing_json.SelfDescribingJson object at 0x113943e90>, <snowplow_tracker.self_describing_json.SelfDescribingJson object at 0x113943e50>, <snowplow_tracker.self_describing_json.SelfDescribingJson object at 0x10f4b88d0>]}
[0m11:49:25.366659 [debug] [MainThread]: Flushing usage events
[0m12:01:48.427884 [debug] [MainThread]: Sending event: {'category': 'dbt', 'action': 'invocation', 'label': 'start', 'context': [<snowplow_tracker.self_describing_json.SelfDescribingJson object at 0x111ab0af0>, <snowplow_tracker.self_describing_json.SelfDescribingJson object at 0x113e920b0>, <snowplow_tracker.self_describing_json.SelfDescribingJson object at 0x113e92440>]}


============================== 12:01:48.436147 | 7721f507-c454-4df1-8517-4559a53825c6 ==============================
[0m12:01:48.436147 [info ] [MainThread]: Running with dbt=1.7.19
[0m12:01:48.437377 [debug] [MainThread]: running dbt with arguments {'printer_width': '80', 'indirect_selection': 'eager', 'write_json': 'True', 'log_cache_events': 'False', 'partial_parse': 'True', 'cache_selected_only': 'False', 'warn_error': 'None', 'fail_fast': 'False', 'debug': 'False', 'log_path': 'logs', 'profiles_dir': '/Users/administrateur/.dbt', 'version_check': 'True', 'use_colors': 'True', 'use_experimental_parser': 'False', 'no_print': 'None', 'quiet': 'False', 'log_format': 'default', 'introspect': 'True', 'warn_error_options': 'WarnErrorOptions(include=[], exclude=[])', 'static_parser': 'True', 'target_path': 'None', 'invocation_command': 'dbt init', 'send_anonymous_usage_stats': 'True'}
[0m12:03:17.438476 [info ] [MainThread]: A project called salma_projet already exists here.
[0m12:03:17.503039 [debug] [MainThread]: Resource report: {"command_name": "init", "command_success": true, "command_wall_clock_time": 89.19414, "process_user_time": 3.780761, "process_kernel_time": 0.331927, "process_mem_max_rss": "95080448", "process_in_blocks": "0", "process_out_blocks": "0"}
[0m12:03:17.505189 [debug] [MainThread]: Command `dbt init` succeeded at 12:03:17.504793 after 89.20 seconds
[0m12:03:17.506165 [debug] [MainThread]: Sending event: {'category': 'dbt', 'action': 'invocation', 'label': 'end', 'context': [<snowplow_tracker.self_describing_json.SelfDescribingJson object at 0x111ab0af0>, <snowplow_tracker.self_describing_json.SelfDescribingJson object at 0x113e11d20>, <snowplow_tracker.self_describing_json.SelfDescribingJson object at 0x113e92440>]}
[0m12:03:17.506988 [debug] [MainThread]: Flushing usage events
[0m12:52:43.826908 [debug] [MainThread]: Sending event: {'category': 'dbt', 'action': 'invocation', 'label': 'start', 'context': [<snowplow_tracker.self_describing_json.SelfDescribingJson object at 0x108dac4f0>, <snowplow_tracker.self_describing_json.SelfDescribingJson object at 0x10b002410>, <snowplow_tracker.self_describing_json.SelfDescribingJson object at 0x10b002350>]}


============================== 12:52:43.837723 | 86127f45-6f91-449d-8f25-6840d3f6ab2b ==============================
[0m12:52:43.837723 [info ] [MainThread]: Running with dbt=1.7.19
[0m12:52:43.838977 [debug] [MainThread]: running dbt with arguments {'printer_width': '80', 'indirect_selection': 'eager', 'log_cache_events': 'False', 'write_json': 'True', 'partial_parse': 'True', 'cache_selected_only': 'False', 'warn_error': 'None', 'fail_fast': 'False', 'version_check': 'True', 'log_path': 'logs', 'profiles_dir': '/Users/administrateur/.dbt', 'debug': 'False', 'use_colors': 'True', 'use_experimental_parser': 'False', 'no_print': 'None', 'quiet': 'False', 'log_format': 'default', 'introspect': 'True', 'static_parser': 'True', 'invocation_command': 'dbt debug', 'target_path': 'None', 'warn_error_options': 'WarnErrorOptions(include=[], exclude=[])', 'send_anonymous_usage_stats': 'True'}
[0m12:52:43.840147 [info ] [MainThread]: dbt version: 1.7.19
[0m12:52:43.840869 [info ] [MainThread]: python version: 3.10.8
[0m12:52:43.841657 [info ] [MainThread]: python path: /Users/administrateur/Desktop/DBT_DEMO/my-dbt-env-310/bin/python3.10
[0m12:52:43.842458 [info ] [MainThread]: os info: macOS-10.15.7-x86_64-i386-64bit
[0m12:52:43.986807 [info ] [MainThread]: Using profiles dir at /Users/administrateur/.dbt
[0m12:52:43.987812 [info ] [MainThread]: Using profiles.yml file at /Users/administrateur/.dbt/profiles.yml
[0m12:52:43.988665 [info ] [MainThread]: Using dbt_project.yml file at /Users/administrateur/Desktop/DBT_DEMO/dbt_project.yml
[0m12:52:43.990072 [info ] [MainThread]: adapter type: mysql
[0m12:52:43.990845 [info ] [MainThread]: adapter version: 1.7.0
[0m12:52:43.991590 [info ] [MainThread]: Configuration:
[0m12:52:43.993405 [info ] [MainThread]:   profiles.yml file [[32mOK found and valid[0m]
[0m12:52:43.995444 [info ] [MainThread]:   dbt_project.yml file [[31mERROR not found[0m]
[0m12:52:43.996967 [info ] [MainThread]: Required dependencies:
[0m12:52:43.997867 [debug] [MainThread]: Executing "git --help"
[0m12:52:44.031023 [debug] [MainThread]: STDOUT: "b"usage: git [--version] [--help] [-C <path>] [-c <name>=<value>]\n           [--exec-path[=<path>]] [--html-path] [--man-path] [--info-path]\n           [-p | --paginate | -P | --no-pager] [--no-replace-objects] [--bare]\n           [--git-dir=<path>] [--work-tree=<path>] [--namespace=<name>]\n           <command> [<args>]\n\nThese are common Git commands used in various situations:\n\nstart a working area (see also: git help tutorial)\n   clone     Clone a repository into a new directory\n   init      Create an empty Git repository or reinitialize an existing one\n\nwork on the current change (see also: git help everyday)\n   add       Add file contents to the index\n   mv        Move or rename a file, a directory, or a symlink\n   restore   Restore working tree files\n   rm        Remove files from the working tree and from the index\n\nexamine the history and state (see also: git help revisions)\n   bisect    Use binary search to find the commit that introduced a bug\n   diff      Show changes between commits, commit and working tree, etc\n   grep      Print lines matching a pattern\n   log       Show commit logs\n   show      Show various types of objects\n   status    Show the working tree status\n\ngrow, mark and tweak your common history\n   branch    List, create, or delete branches\n   commit    Record changes to the repository\n   merge     Join two or more development histories together\n   rebase    Reapply commits on top of another base tip\n   reset     Reset current HEAD to the specified state\n   switch    Switch branches\n   tag       Create, list, delete or verify a tag object signed with GPG\n\ncollaborate (see also: git help workflows)\n   fetch     Download objects and refs from another repository\n   pull      Fetch from and integrate with another repository or a local branch\n   push      Update remote refs along with associated objects\n\n'git help -a' and 'git help -g' list available subcommands and some\nconcept guides. See 'git help <command>' or 'git help <concept>'\nto read about a specific subcommand or concept.\nSee 'git help git' for an overview of the system.\n""
[0m12:52:44.032721 [debug] [MainThread]: STDERR: "b''"
[0m12:52:44.033385 [info ] [MainThread]:  - git [[32mOK found[0m]

[0m12:52:44.034198 [info ] [MainThread]: Connection:
[0m12:52:44.035263 [info ] [MainThread]:   server: localhost
[0m12:52:44.036371 [info ] [MainThread]:   unix_socket: None
[0m12:52:44.037392 [info ] [MainThread]:   port: 3306
[0m12:52:44.038368 [info ] [MainThread]:   database: None
[0m12:52:44.039583 [info ] [MainThread]:   schema: my_dbt_db
[0m12:52:44.042773 [info ] [MainThread]:   user: root
[0m12:52:44.044087 [info ] [MainThread]: Registered adapter: mysql=1.7.0
[0m12:52:44.058243 [debug] [MainThread]: Acquiring new mysql connection 'debug'
[0m12:52:44.059848 [debug] [MainThread]: Using mysql connection "debug"
[0m12:52:44.060873 [debug] [MainThread]: On debug: select 1 as id
[0m12:52:44.061564 [debug] [MainThread]: Opening a new connection, currently in state init
[0m12:52:44.166513 [debug] [MainThread]: SQL status: SUCCESS 1 in 0.0 seconds
[0m12:52:44.168745 [debug] [MainThread]: On debug: Close
[0m12:52:44.170055 [info ] [MainThread]:   Connection test: [[32mOK connection ok[0m]

[0m12:52:44.170970 [info ] [MainThread]: [31m1 check failed:[0m
[0m12:52:44.171768 [info ] [MainThread]: Project loading failed for the following reason:
 project path </Users/administrateur/Desktop/DBT_DEMO/dbt_project.yml> not found

[0m12:52:44.175159 [debug] [MainThread]: Resource report: {"command_name": "debug", "command_wall_clock_time": 0.47294885, "process_user_time": 4.05451, "process_kernel_time": 0.542281, "process_mem_max_rss": "100605952", "command_success": false, "process_in_blocks": "0", "process_out_blocks": "0"}
[0m12:52:44.176255 [debug] [MainThread]: Command `dbt debug` failed at 12:52:44.175903 after 0.47 seconds
[0m12:52:44.177179 [debug] [MainThread]: Connection 'debug' was properly closed.
[0m12:52:44.188589 [debug] [MainThread]: Sending event: {'category': 'dbt', 'action': 'invocation', 'label': 'end', 'context': [<snowplow_tracker.self_describing_json.SelfDescribingJson object at 0x108dac4f0>, <snowplow_tracker.self_describing_json.SelfDescribingJson object at 0x10b1c77c0>, <snowplow_tracker.self_describing_json.SelfDescribingJson object at 0x10b1c6260>]}
[0m12:52:44.189653 [debug] [MainThread]: Flushing usage events
[0m12:55:43.079045 [debug] [MainThread]: Sending event: {'category': 'dbt', 'action': 'invocation', 'label': 'start', 'context': [<snowplow_tracker.self_describing_json.SelfDescribingJson object at 0x10e684520>, <snowplow_tracker.self_describing_json.SelfDescribingJson object at 0x1108da410>, <snowplow_tracker.self_describing_json.SelfDescribingJson object at 0x1108da350>]}


============================== 12:55:43.085691 | af06450f-2327-4029-98a0-dc1a790d31c7 ==============================
[0m12:55:43.085691 [info ] [MainThread]: Running with dbt=1.7.19
[0m12:55:43.087782 [debug] [MainThread]: running dbt with arguments {'printer_width': '80', 'indirect_selection': 'eager', 'log_cache_events': 'False', 'write_json': 'True', 'partial_parse': 'True', 'cache_selected_only': 'False', 'warn_error': 'None', 'fail_fast': 'False', 'profiles_dir': '/Users/administrateur/.dbt', 'log_path': 'logs', 'version_check': 'True', 'debug': 'False', 'use_colors': 'True', 'use_experimental_parser': 'False', 'no_print': 'None', 'quiet': 'False', 'log_format': 'default', 'invocation_command': 'dbt init salma_projet', 'static_parser': 'True', 'introspect': 'True', 'target_path': 'None', 'warn_error_options': 'WarnErrorOptions(include=[], exclude=[])', 'send_anonymous_usage_stats': 'True'}
[0m12:55:43.090197 [info ] [MainThread]: A project called salma_projet already exists here.
[0m12:55:43.094710 [debug] [MainThread]: Resource report: {"command_name": "init", "command_success": true, "command_wall_clock_time": 0.117031015, "process_user_time": 3.695507, "process_kernel_time": 0.337098, "process_mem_max_rss": "95866880", "process_in_blocks": "0", "process_out_blocks": "0"}
[0m12:55:43.095884 [debug] [MainThread]: Command `dbt init` succeeded at 12:55:43.095614 after 0.12 seconds
[0m12:55:43.098385 [debug] [MainThread]: Sending event: {'category': 'dbt', 'action': 'invocation', 'label': 'end', 'context': [<snowplow_tracker.self_describing_json.SelfDescribingJson object at 0x10e684520>, <snowplow_tracker.self_describing_json.SelfDescribingJson object at 0x110861c60>, <snowplow_tracker.self_describing_json.SelfDescribingJson object at 0x110863c10>]}
[0m12:55:43.102101 [debug] [MainThread]: Flushing usage events
